ASxxxx Linker V03.00 + NoICE + sdld,  page 1.
Hexadecimal  [32-Bits]

Area                                    Addr        Size        Decimal Bytes (Attributes)
--------------------------------        ----        ----        ------- ----- ------------
CABS4                               00000000    00000073 =         115. bytes (ABS,CON,CODE)

      Value  Global                              Global Defined In Module
      -----  --------------------------------   ------------------------
C:   00000000  l_BIT_BANK                      
C:   00000000  l_BSEG                          
C:   00000000  l_BSEG_BYTES                    
C:   00000000  l_CABS                          
C:   00000000  l_GSINIT1                       
C:   00000000  l_GSINIT5                       
C:   00000000  l_IABS                          
C:   00000000  l_ISEG                          
C:   00000000  l_PSEG                          
C:   00000000  l_RSEG                          
C:   00000000  l_RSEG0                         
C:   00000000  l_RSEG1                         
C:   00000000  l_XABS                          
C:   00000000  l_XINIT                         
C:   00000000  l_XISEG                         
C:   00000000  l_XSEG                          
C:   00000000  l__CODE                         
C:   00000000  s_BSEG                          
C:   00000000  s_CABS                          
C:   00000000  s_CABS2                         
C:   00000000  s_CABS3                         
C:   00000000  s_CABS4                         
C:   00000000  s_DSEG                          
C:   00000000  s_HOME                          
C:   00000000  s_IABS                          
C:   00000000  s_ISEG                          
C:   00000000  s_REG_BANK_0                    
C:   00000000  s_RSEG                          
C:   00000000  s_RSEG0                         
C:   00000000  s_RSEG1                         
C:   00000000  s_XABS                          
C:   00000001  l_CONST                         
C:   00000001  s_PSEG                          
C:   00000001  s_XISEG                         
C:   00000001  s_XSEG                          
C:   00000003  l_GSFINAL                       
C:   00000003  l_GSINIT0                       
C:   00000008  l_REG_BANK_0                    
C:   00000008  l_REG_BANK_1                    
C:   00000008  l_REG_BANK_2                    
C:   00000008  l_REG_BANK_3                    
C:   00000008  s_REG_BANK_1                    
C:   0000000A  l_GSINIT2                       
C:   0000000B  l_OSEG                          
C:   00000010  s_REG_BANK_2                    
C:   00000018  s_BIT_BANK                      
C:   00000018  s_REG_BANK_3                    
C:   00000020  s_BSEG_BYTES                    
C:   00000020  s__CODE                         
C:   00000022  l_GSINIT3                       
ASxxxx Linker V03.00 + NoICE + sdld,  page 2.
Hexadecimal  [32-Bits]

Area                                    Addr        Size        Decimal Bytes (Attributes)
--------------------------------        ----        ----        ------- ----- ------------
CABS4                               00000000    00000073 =         115. bytes (ABS,CON,CODE)

      Value  Global                              Global Defined In Module
      -----  --------------------------------   ------------------------
C:   0000002A  l_GSINIT4                       
C:   00000044  l_GSINIT                        
C:   00000055  s_OSEG                          
C:   00000060  s_SSEG                          
C:   0000006B  l_HOME                          
C:   0000006B  s_GSINIT0                       
C:   0000006E  s_GSINIT1                       
C:   0000006E  s_GSINIT2                       
C:   00000073  l_CABS4                         
C:   00000078  s_GSINIT3                       
C:   00000080  l_DSEG                          
C:   0000009A  s_GSINIT4                       
C:   000000A0  l_SSEG                          
C:   000000C4  s_GSINIT                        
C:   000000C4  s_GSINIT5                       
C:   00000100  l_IRAM                          
C:   00000108  s_GSFINAL                       
C:   0000010B  s_CSEG                          
C:   000008A0  l_CABS2                         
C:   000008AB  l_CABS3                         
C:   00001983  l_CSEG                          
C:   00001A8E  s_CONST                         
C:   00001A8F  s_XINIT                         
C:   00003100  _ledstrings                        ledfonts

ASxxxx Linker V03.00 + NoICE + sdld,  page 3.
Hexadecimal  [32-Bits]

Area                                    Addr        Size        Decimal Bytes (Attributes)
--------------------------------        ----        ----        ------- ----- ------------
CABS3                               00000000    000008AB =        2219. bytes (ABS,CON,CODE)

      Value  Global                              Global Defined In Module
      -----  --------------------------------   ------------------------
C:   00002800  _EEPROM_TEMP_FROM_THERMISTOR_TAB   eeprom
C:   00003080  _ledfonts_numeric_flipped          ledfonts
C:   00003208  _ds1302_sram_init                  ds1302
C:   00003318  _fsm_transition_table_s            fsm

ASxxxx Linker V03.00 + NoICE + sdld,  page 4.
Hexadecimal  [32-Bits]

Area                                    Addr        Size        Decimal Bytes (Attributes)
--------------------------------        ----        ----        ------- ----- ------------
CABS2                               00000000    000008A0 =        2208. bytes (ABS,CON,CODE)

      Value  Global                              Global Defined In Module
      -----  --------------------------------   ------------------------
C:   00002000  _EEPROM_PWM_FROM_LDR_TABLE         eeprom
C:   00003000  _ledfonts_numeric_normal           ledfonts
C:   00003200  _ds1302_init                       ds1302
C:   00003300  _fsm_transition_table_fp           fsm

ASxxxx Linker V03.00 + NoICE + sdld,  page 5.
Hexadecimal  [32-Bits]

Area                                    Addr        Size        Decimal Bytes (Attributes)
--------------------------------        ----        ----        ------- ----- ------------
.  .ABS.                            00000000    00000000 =           0. bytes (ABS,CON)

      Value  Global                              Global Defined In Module
      -----  --------------------------------   ------------------------
     00000000  .__.ABS.                           _startup
     00000000  _ds1302_sram_data                  ds1302
     00000004  _alarms                            fsm
     00000008  _DS1302_DATA_0                     timer
     00000009  _DS1302_DATA_1                     timer
     0000000A  _DS1302_DATA_2                     timer
     0000000B  _DS1302_DATA_3                     timer
     0000000C  _DS1302_DATA_4                     timer
     0000000D  _DS1302_DATA_5                     timer
     0000000E  _DS1302_DATA_6                     timer
     0000000F  _DS1302_DATA_7                     timer
     00000010  _BUTTON_DATA_MENU_PRESSED          timer
     00000011  _BUTTON_DATA_MENU_RELEASED_NORMA   timer
     00000012  _BUTTON_DATA_MENU_RELEASED_LONGP   timer
     00000013  _BUTTON_DATA_MENU_HELD_DOWN        timer
     00000014  _BUTTON_DATA_SELECT_PRESSED        timer
     00000015  _BUTTON_DATA_SELECT_RELEASED_NOR   timer
     00000016  _BUTTON_DATA_SELECT_RELEASED_LON   timer
     00000017  _BUTTON_DATA_SELECT_HELD_DOWN      timer
     0000001E  _fsm_home_auto                     fsm
     0000001F  _display_autobrightness            timer
     00000021  _DS1302_DATA                       timer
     00000022  _BUTTON_DATA                       timer
     00000081  _SP                                timer
     00000087  _PCON                              timer
     00000088  _TMR_TCON                          timer
     00000088  _TMR_TCON_IT0                      timer
     00000089  _TMR_TCON_IE0                      timer
     00000089  _TMR_TMOD                          timer
     0000008A  _TMR_TCON_IT1                      timer
     0000008B  _TMR_TCON_IE1                      timer
     0000008C  _TMR_TCON_TR0                      timer
     0000008D  _TMR_TCON_TF0                      timer
     0000008E  _AUXR                              timer
     0000008E  _TMR_TCON_TR1                      timer
     0000008F  _AUXR2                             timer
     0000008F  _TMR_TCON_TF1                      timer
     00000090  _PORT_P1                           timer
     00000090  _PORT_P1_0                         timer
     00000091  _PORT_P1M1                         timer
     00000091  _PORT_P1_1                         timer
     00000092  _PORT_P1M0                         timer
     00000092  _PORT_P1_2                         timer
     00000093  _PORT_P1_3                         timer
     00000094  _PORT_P1_4                         timer
     00000095  _PORT_P1_5                         timer
     00000095  _PORT_P2M1                         timer
     00000096  _PORT_P1_6                         timer
     00000096  _PORT_P2M0                         timer
     00000097  _PCON2                             timer
ASxxxx Linker V03.00 + NoICE + sdld,  page 6.
Hexadecimal  [32-Bits]

Area                                    Addr        Size        Decimal Bytes (Attributes)
--------------------------------        ----        ----        ------- ----- ------------
.  .ABS.                            00000000    00000000 =           0. bytes (ABS,CON)

      Value  Global                              Global Defined In Module
      -----  --------------------------------   ------------------------
     00000097  _PORT_P1_7                         timer
     00000098  _UART_RI                           timer
     00000098  _UART_SCON                         timer
     00000099  _UART_SBUF                         timer
     00000099  _UART_TI                           timer
     0000009A  _UART_RB8                          timer
     0000009B  _UART_TB8                          timer
     0000009C  _UART_REN                          timer
     0000009D  _ADC_P1ASF                         timer
     0000009D  _UART_SM2                          timer
     0000009E  _UART_SM1                          timer
     0000009F  _UART_SM0                          timer
     000000A0  _PORT_P2                           timer
     000000A0  _PORT_P2_0                         timer
     000000A0  __XPAGE                            
     000000A1  _PORT_P2_1                         timer
     000000A2  _AUXR1                             timer
     000000A2  _PORT_P2_2                         timer
     000000A3  _PORT_P2_3                         timer
     000000A4  _PORT_P2_4                         timer
     000000A5  _PORT_P2_5                         timer
     000000A6  _PORT_P2_6                         timer
     000000A7  _PORT_P2_7                         timer
     000000A8  _INT_IE                            timer
     000000A8  _INT_IE_EX0                        timer
     000000A9  _INT_IE_ET0                        timer
     000000A9  _UART_SADDR                        timer
     000000AA  _INT_IE_EX1                        timer
     000000AB  _INT_IE_ET1                        timer
     000000AC  _INT_IE_ES                         timer
     000000AD  _INT_IE_EADC                       timer
     000000AE  _INT_IE_ELVD                       timer
     000000AF  _INT_IE2                           timer
     000000AF  _INT_IE_EA                         timer
     000000B0  _PORT_P3                           timer
     000000B0  _PORT_P3_0                         timer
     000000B1  _PORT_P3M1                         timer
     000000B1  _PORT_P3_1                         timer
     000000B2  _PORT_P3M0                         timer
     000000B2  _PORT_P3_2                         timer
     000000B3  _PORT_P3_3                         timer
     000000B3  _PORT_P4M1                         timer
     000000B4  _PORT_P3_4                         timer
     000000B4  _PORT_P4M0                         timer
     000000B5  _INT_IP2                           timer
     000000B5  _PORT_P3_5                         timer
     000000B6  _PORT_P3_6                         timer
     000000B7  _PORT_P3_7                         timer
     000000B8  _INT_IP                            timer
     000000B8  _INT_IP_PX0                        timer
     000000B9  _INT_IP_PT0                        timer
ASxxxx Linker V03.00 + NoICE + sdld,  page 7.
Hexadecimal  [32-Bits]

Area                                    Addr        Size        Decimal Bytes (Attributes)
--------------------------------        ----        ----        ------- ----- ------------
.  .ABS.                            00000000    00000000 =           0. bytes (ABS,CON)

      Value  Global                              Global Defined In Module
      -----  --------------------------------   ------------------------
     000000B9  _UART_SADEN                        timer
     000000BA  _INT_IP_PX1                        timer
     000000BB  _INT_IP_PT1                        timer
     000000BC  _ADC_CONTR                         timer
     000000BC  _INT_IP_PS                         timer
     000000BD  _ADC_RESH                          timer
     000000BD  _INT_IP_PADC                       timer
     000000BE  _ADC_RESL                          timer
     000000BE  _INT_IP_PLVD                       timer
     000000BF  _INT_IP_PPCA                       timer
     000000C0  _PORT_P4                           timer
     000000C0  _PORT_P4_0                         timer
     000000C1  _PORT_P4_1                         timer
     000000C2  _EEPROM_DATA                       timer
     000000C2  _IAP_DATA                          timer
     000000C2  _PORT_P4_2                         timer
     000000C3  _IAP_ADDRH                         timer
     000000C3  _PORT_P4_3                         timer
     000000C4  _IAP_ADDRL                         timer
     000000C4  _PORT_P4_4                         timer
     000000C5  _EEPROM_CMD                        timer
     000000C5  _IAP_CMD                           timer
     000000C5  _PORT_P4_5                         timer
     000000C6  _EEPROM_TRIG                       timer
     000000C6  _IAP_TRIG                          timer
     000000C6  _PORT_P4_6                         timer
     000000C7  _EEPROM_CONTR                      timer
     000000C7  _IAP_CONTR                         timer
     000000C7  _PORT_P4_7                         timer
     000000C8  _PORT_P5                           timer
     000000C8  _PORT_P5_0                         timer
     000000C9  _PORT_P5M1                         timer
     000000C9  _PORT_P5_1                         timer
     000000CA  _PORT_P5M0                         timer
     000000CA  _PORT_P5_2                         timer
     000000CB  _PORT_P5_3                         timer
     000000CC  _PORT_P5_4                         timer
     000000CD  _PORT_P5_5                         timer
     000000CE  _PORT_P5_6                         timer
     000000CF  _PORT_P5_7                         timer
     000000D0  _P                                 timer
     000000D0  _PSW                               timer
     000000D1  _F1                                timer
     000000D2  _OV                                timer
     000000D3  _RS0                               timer
     000000D4  _RS1                               timer
     000000D5  _F0                                timer
     000000D6  _AC                                timer
     000000D7  _CY                                timer
     000000D8  _PCA_CCF0                          timer
     000000D8  _PCA_CCON                          timer
ASxxxx Linker V03.00 + NoICE + sdld,  page 8.
Hexadecimal  [32-Bits]

Area                                    Addr        Size        Decimal Bytes (Attributes)
--------------------------------        ----        ----        ------- ----- ------------
.  .ABS.                            00000000    00000000 =           0. bytes (ABS,CON)

      Value  Global                              Global Defined In Module
      -----  --------------------------------   ------------------------
     000000D9  _PCA_CCF1                          timer
     000000D9  _PCA_CMOD                          timer
     000000DA  _PCA_CCAPM0                        timer
     000000DA  _PCA_CCF2                          timer
     000000DB  _PCA_CCAPM1                        timer
     000000DC  _PCA_CCAPM2                        timer
     000000DE  _PCA_CR                            timer
     000000DF  _PCA_CF                            timer
     000000E6  _CMP_CR1                           timer
     000000E7  _CMP_CR2                           timer
     000000EA  _PCA_CCAP0_L                       timer
     000000EB  _PCA_CCAP1_L                       timer
     000000EC  _PCA_CCAP2_L                       timer
     000000F2  _PCA_PWM0                          timer
     000000F3  _PCA_PWM1                          timer
     000000F4  _PCA_PWM2                          timer
     000000F5  _B_5                               _gptrget
     000000F6  _B_6                               _gptrget
     000000F7  _B_7                               _gptrget
     000000FA  _PCA_CCAP0_H                       timer
     000000FB  _PCA_CCAP1_H                       timer
     000000FC  _PCA_CCAP2_H                       timer
     00008382  _DPTR                              timer
     00008C8A  _TMR_T0                            timer
     0000BDBE  _ADC_RES                           timer
     0000C3C4  _EEPROM_ADDR                       timer
     0000C3C4  _IAP_ADDR                          timer
     0000D6D7  _TMR_T2                            timer
     0000F9E9  _PCA_C                             timer
     0000FAEA  _PCA_CCAP0                         timer
     0000FBEB  _PCA_CCAP1                         timer
     0000FCEC  _PCA_CCAP2                         timer

ASxxxx Linker V03.00 + NoICE + sdld,  page 9.
Hexadecimal  [32-Bits]

Area                                    Addr        Size        Decimal Bytes (Attributes)
--------------------------------        ----        ----        ------- ----- ------------
REG_BANK_0                          00000000    00000008 =           8. bytes (REL,OVR)

      Value  Global                              Global Defined In Module
      -----  --------------------------------   ------------------------
ASxxxx Linker V03.00 + NoICE + sdld,  page 10.
Hexadecimal  [32-Bits]

Area                                    Addr        Size        Decimal Bytes (Attributes)
--------------------------------        ----        ----        ------- ----- ------------
REG_BANK_1                          00000008    00000008 =           8. bytes (REL,OVR)

      Value  Global                              Global Defined In Module
      -----  --------------------------------   ------------------------
ASxxxx Linker V03.00 + NoICE + sdld,  page 11.
Hexadecimal  [32-Bits]

Area                                    Addr        Size        Decimal Bytes (Attributes)
--------------------------------        ----        ----        ------- ----- ------------
REG_BANK_2                          00000010    00000008 =           8. bytes (REL,OVR)

      Value  Global                              Global Defined In Module
      -----  --------------------------------   ------------------------
ASxxxx Linker V03.00 + NoICE + sdld,  page 12.
Hexadecimal  [32-Bits]

Area                                    Addr        Size        Decimal Bytes (Attributes)
--------------------------------        ----        ----        ------- ----- ------------
REG_BANK_3                          00000018    00000008 =           8. bytes (REL,OVR)

      Value  Global                              Global Defined In Module
      -----  --------------------------------   ------------------------
ASxxxx Linker V03.00 + NoICE + sdld,  page 13.
Hexadecimal  [32-Bits]

Area                                    Addr        Size        Decimal Bytes (Attributes)
--------------------------------        ----        ----        ------- ----- ------------
DSEG                                00000000    00000080 =         128. bytes (REL,CON)

      Value  Global                              Global Defined In Module
      -----  --------------------------------   ------------------------
     00000025  _adc_ldr_reading                   adc
     00000027  _adc_thermistor_reading            adc
     00000029  _alarm_counter                     alarm
     0000002C  _BUTTON_MENU_STATE                 button
     0000002D  _BUTTON_SELECT_STATE               button
     0000002E  _BUTTON_MENU_CNT                   button
     0000002F  _BUTTON_SELECT_CNT                 button
     00000030  _display_buffer                    display
     00000034  _display_index                     display
     00000035  _display_flash                     display
     00000036  _display_counts                    display
     00000038  _display_puttime_PARM_2            display
     0000003A  _ds1302                            ds1302
     00000042  _alarm_lastpoll                    fsm
     00000043  _transition_ticks                  fsm
     00000053  _ticks_10ms                        timer

ASxxxx Linker V03.00 + NoICE + sdld,  page 14.
Hexadecimal  [32-Bits]

Area                                    Addr        Size        Decimal Bytes (Attributes)
--------------------------------        ----        ----        ------- ----- ------------
OSEG                                00000055    0000000B =          11. bytes (REL,OVR)

      Value  Global                              Global Defined In Module
      -----  --------------------------------   ------------------------
     00000055  ___memcpy_PARM_2                   __memcpy
     00000055  __divsint_PARM_2                   _divuint
     00000055  __divuint_PARM_2                   _divuint
     00000055  __gptrput_PARM_2                   _gptrput
     00000055  __modsint_PARM_2                   _moduint
     00000055  __moduint_PARM_2                   _moduint
     00000055  __mulint_PARM_2                    _mulint
     00000055  _bcd_add_16_PARM_2                 ds1302
     00000055  _bcd_add_PARM_2                    ds1302
     00000055  _crcSlow_PARM_2                    crc
     00000055  _display_putbcd_PARM_2             display
     00000058  ___memcpy_PARM_3                   __memcpy
ASxxxx Linker V03.00 + NoICE + sdld,  page 15.
Hexadecimal  [32-Bits]

Area                                    Addr        Size        Decimal Bytes (Attributes)
--------------------------------        ----        ----        ------- ----- ------------
SSEG                                00000060    000000A0 =         160. bytes (REL,OVR)

      Value  Global                              Global Defined In Module
      -----  --------------------------------   ------------------------
     00000060  __start__stack                     main

ASxxxx Linker V03.00 + NoICE + sdld,  page 16.
Hexadecimal  [32-Bits]

Area                                    Addr        Size        Decimal Bytes (Attributes)
--------------------------------        ----        ----        ------- ----- ------------
HOME                                00000000    0000006B =         107. bytes (REL,CON,CODE)

      Value  Global                              Global Defined In Module
      -----  --------------------------------   ------------------------
C:   00000066  __sdcc_program_startup             main
C:   00000069  __sdcc_call_dptr                   

ASxxxx Linker V03.00 + NoICE + sdld,  page 17.
Hexadecimal  [32-Bits]

Area                                    Addr        Size        Decimal Bytes (Attributes)
--------------------------------        ----        ----        ------- ----- ------------
GSINIT0                             0000006B    00000003 =           3. bytes (REL,CON,CODE)

      Value  Global                              Global Defined In Module
      -----  --------------------------------   ------------------------
C:   0000006B  __sdcc_gsinit_startup              

ASxxxx Linker V03.00 + NoICE + sdld,  page 18.
Hexadecimal  [32-Bits]

Area                                    Addr        Size        Decimal Bytes (Attributes)
--------------------------------        ----        ----        ------- ----- ------------
GSINIT2                             0000006E    0000000A =          10. bytes (REL,CON,CODE)

      Value  Global                              Global Defined In Module
      -----  --------------------------------   ------------------------
ASxxxx Linker V03.00 + NoICE + sdld,  page 19.
Hexadecimal  [32-Bits]

Area                                    Addr        Size        Decimal Bytes (Attributes)
--------------------------------        ----        ----        ------- ----- ------------
GSINIT3                             00000078    00000022 =          34. bytes (REL,CON,CODE)

      Value  Global                              Global Defined In Module
      -----  --------------------------------   ------------------------
C:   00000078  __mcs51_genXINIT                   

ASxxxx Linker V03.00 + NoICE + sdld,  page 20.
Hexadecimal  [32-Bits]

Area                                    Addr        Size        Decimal Bytes (Attributes)
--------------------------------        ----        ----        ------- ----- ------------
GSINIT4                             0000009A    0000002A =          42. bytes (REL,CON,CODE)

      Value  Global                              Global Defined In Module
      -----  --------------------------------   ------------------------
C:   0000009A  __mcs51_genRAMCLEAR                
C:   000000A0  __mcs51_genXRAMCLEAR               

ASxxxx Linker V03.00 + NoICE + sdld,  page 21.
Hexadecimal  [32-Bits]

Area                                    Addr        Size        Decimal Bytes (Attributes)
--------------------------------        ----        ----        ------- ----- ------------
GSINIT                              000000C4    00000044 =          68. bytes (REL,CON,CODE)

      Value  Global                              Global Defined In Module
      -----  --------------------------------   ------------------------
ASxxxx Linker V03.00 + NoICE + sdld,  page 22.
Hexadecimal  [32-Bits]

Area                                    Addr        Size        Decimal Bytes (Attributes)
--------------------------------        ----        ----        ------- ----- ------------
GSFINAL                             00000108    00000003 =           3. bytes (REL,CON,CODE)

      Value  Global                              Global Defined In Module
      -----  --------------------------------   ------------------------
ASxxxx Linker V03.00 + NoICE + sdld,  page 23.
Hexadecimal  [32-Bits]

Area                                    Addr        Size        Decimal Bytes (Attributes)
--------------------------------        ----        ----        ------- ----- ------------
CSEG                                0000010B    00001983 =        6531. bytes (REL,CON,CODE)

      Value  Global                              Global Defined In Module
      -----  --------------------------------   ------------------------
C:   0000010B  _main                              main
C:   000002BE  _ISR_ADC                           adc
C:   00000356  _ISR_T2                            alarm
C:   000003A7  _button_read_and_clear_select      button
C:   000003D3  _button_read_and_clear_menu        button
C:   000003FE  _crcSlow                           crc
C:   0000045F  _display_puts                      display
C:   0000049A  _display_putbcd                    display
C:   000004DE  _display_puttime                   display
C:   0000052C  _display_putdate                   display
C:   00000579  _display_putbool                   display
C:   0000059F  _display_puttemp                   display
C:   000005FF  _ISR_PCA                           display
C:   0000066F  _ds1302_reset                      ds1302
C:   0000068A  _ds1302_start                      ds1302
C:   000006A5  _ds1302_read_byte_slow             ds1302
C:   00000723  _ds1302_write_byte_slow            ds1302
C:   00000787  _ds1302_set_time                   ds1302
C:   000007B7  _ds1302_read_SRAM                  ds1302
C:   000007E1  _ds1302_write_SRAM                 ds1302
C:   000007FF  _ds1302_check_SRAM                 ds1302
C:   0000083A  _ds1302_calculate_CRC              ds1302
C:   00000859  _ds1302_power_loss_reset           ds1302
C:   00000895  _convert_24h_to_12h                ds1302
C:   000008AE  _bcd_add                           ds1302
C:   000008BE  _bcd_add_16                        ds1302
C:   000008D7  _fsm_home_fn                       fsm
C:   00001075  _fsm_set_fn                        fsm
C:   00001200  _fsm_alarm_fn                      fsm
C:   00001561  _fsm_config_fn                     fsm
C:   00001809  _ISR_T0                            timer
C:   000018F2  _centiseconds                      timer
C:   000018FD  __divuint                          _divuint
C:   00001926  ___memcpy                          __memcpy
C:   0000197B  __gptrput                          _gptrput
C:   00001996  __mulint                           _mulint
C:   00001996  __mulint_dummy                     _mulint
C:   000019B3  __moduint                          _moduint
C:   00001A00  __gptrget                          _gptrget
C:   00001A1C  __modsint                          _modsint
C:   00001A52  __divsint                          _divsint
C:   00001A8A  __sdcc_external_startup            _startup
ASxxxx Linker V03.00 + NoICE + sdld,  page 24.
Hexadecimal  [32-Bits]

Area                                    Addr        Size        Decimal Bytes (Attributes)
--------------------------------        ----        ----        ------- ----- ------------
CONST                               00001A8E    00000001 =           1. bytes (REL,CON,CODE)

      Value  Global                              Global Defined In Module
      -----  --------------------------------   ------------------------
C:   00001A8E  _ds1302_struct_addr                ds1302

ASxxxx Linker V03.00 + NoICE + sdld,  page 25.

Files Linked                              [ module(s) ]

Release/main.rel                          [  ]
Release/eeprom.rel                        [  ]
Release/adc.rel                           [  ]
Release/alarm.rel                         [  ]
Release/button.rel                        [  ]
Release/crc.rel                           [  ]
Release/display.rel                       [  ]
Release/ds1302.rel                        [  ]
Release/fsm.rel                           [  ]
Release/ledfonts.rel                      [  ]
Release/timer.rel                         [  ]


Libraries Linked                          [ object file ]

/usr/bin/../share/sdcc/lib/small/libint.lib
                                          [ _divuint.rel ]
/usr/bin/../share/sdcc/lib/small/mcs51.lib
                                          [ crtclear.rel ]
/usr/bin/../share/sdcc/lib/small/libsdcc.lib
                                          [ __memcpy.rel ]
/usr/bin/../share/sdcc/lib/small/mcs51.lib
                                          [ crtxinit.rel ]
/usr/bin/../share/sdcc/lib/small/libsdcc.lib
                                          [ _gptrput.rel ]
/usr/bin/../share/sdcc/lib/small/libint.lib
                                          [ _mulint.rel ]
/usr/bin/../share/sdcc/lib/small/libint.lib
                                          [ _moduint.rel ]
/usr/bin/../share/sdcc/lib/small/mcs51.lib
                                          [ crtxclear.rel ]
/usr/bin/../share/sdcc/lib/small/mcs51.lib
                                          [ crtcall.rel ]
/usr/bin/../share/sdcc/lib/small/mcs51.lib
                                          [ crtpagesfr.rel ]
/usr/bin/../share/sdcc/lib/small/mcs51.lib
                                          [ crtstart.rel ]
/usr/bin/../share/sdcc/lib/small/libsdcc.lib
                                          [ _gptrget.rel ]
/usr/bin/../share/sdcc/lib/small/libint.lib
                                          [ _modsint.rel ]
/usr/bin/../share/sdcc/lib/small/libint.lib
                                          [ _divsint.rel ]
/usr/bin/../share/sdcc/lib/small/libsdcc.lib
                                          [ _startup.rel ]

ASxxxx Linker V03.00 + NoICE + sdld,  page 26.

User Base Address Definitions

HOME = 0x0000
XSEG = 0x0001
PSEG = 0x0001
ISEG = 0x0000
BSEG = 0x0000

