                                      1 ;--------------------------------------------------------
                                      2 ; File Created by SDCC : free open source ANSI-C Compiler
                                      3 ; Version 4.2.0 #13081 (Linux)
                                      4 ;--------------------------------------------------------
                                      5 	.module adc
                                      6 	.optsdcc -mmcs51 --model-small
                                      7 	
                                      8 ;--------------------------------------------------------
                                      9 ; Public variables in this module
                                     10 ;--------------------------------------------------------
                                     11 	.globl _ISR_ADC
                                     12 	.globl _eeprom_end
                                     13 	.globl _eeprom_write
                                     14 	.globl _eeprom_erase
                                     15 	.globl _eeprom_start
                                     16 	.globl _UART_SM0
                                     17 	.globl _UART_SM1
                                     18 	.globl _UART_SM2
                                     19 	.globl _UART_REN
                                     20 	.globl _UART_TB8
                                     21 	.globl _UART_RB8
                                     22 	.globl _UART_TI
                                     23 	.globl _UART_RI
                                     24 	.globl _PCA_CF
                                     25 	.globl _PCA_CR
                                     26 	.globl _PCA_CCF2
                                     27 	.globl _PCA_CCF1
                                     28 	.globl _PCA_CCF0
                                     29 	.globl _TMR_TCON_TF1
                                     30 	.globl _TMR_TCON_TR1
                                     31 	.globl _TMR_TCON_TF0
                                     32 	.globl _TMR_TCON_TR0
                                     33 	.globl _TMR_TCON_IE1
                                     34 	.globl _TMR_TCON_IT1
                                     35 	.globl _TMR_TCON_IE0
                                     36 	.globl _TMR_TCON_IT0
                                     37 	.globl _INT_IP_PPCA
                                     38 	.globl _INT_IP_PLVD
                                     39 	.globl _INT_IP_PADC
                                     40 	.globl _INT_IP_PS
                                     41 	.globl _INT_IP_PT1
                                     42 	.globl _INT_IP_PX1
                                     43 	.globl _INT_IP_PT0
                                     44 	.globl _INT_IP_PX0
                                     45 	.globl _INT_IE_EA
                                     46 	.globl _INT_IE_ELVD
                                     47 	.globl _INT_IE_EADC
                                     48 	.globl _INT_IE_ES
                                     49 	.globl _INT_IE_ET1
                                     50 	.globl _INT_IE_EX1
                                     51 	.globl _INT_IE_ET0
                                     52 	.globl _INT_IE_EX0
                                     53 	.globl _PORT_P5_7
                                     54 	.globl _PORT_P5_6
                                     55 	.globl _PORT_P5_5
                                     56 	.globl _PORT_P5_4
                                     57 	.globl _PORT_P5_3
                                     58 	.globl _PORT_P5_2
                                     59 	.globl _PORT_P5_1
                                     60 	.globl _PORT_P5_0
                                     61 	.globl _PORT_P4_7
                                     62 	.globl _PORT_P4_6
                                     63 	.globl _PORT_P4_5
                                     64 	.globl _PORT_P4_4
                                     65 	.globl _PORT_P4_3
                                     66 	.globl _PORT_P4_2
                                     67 	.globl _PORT_P4_1
                                     68 	.globl _PORT_P4_0
                                     69 	.globl _PORT_P3_7
                                     70 	.globl _PORT_P3_6
                                     71 	.globl _PORT_P3_5
                                     72 	.globl _PORT_P3_4
                                     73 	.globl _PORT_P3_3
                                     74 	.globl _PORT_P3_2
                                     75 	.globl _PORT_P3_1
                                     76 	.globl _PORT_P3_0
                                     77 	.globl _PORT_P2_7
                                     78 	.globl _PORT_P2_6
                                     79 	.globl _PORT_P2_5
                                     80 	.globl _PORT_P2_4
                                     81 	.globl _PORT_P2_3
                                     82 	.globl _PORT_P2_2
                                     83 	.globl _PORT_P2_1
                                     84 	.globl _PORT_P2_0
                                     85 	.globl _PORT_P1_7
                                     86 	.globl _PORT_P1_6
                                     87 	.globl _PORT_P1_5
                                     88 	.globl _PORT_P1_4
                                     89 	.globl _PORT_P1_3
                                     90 	.globl _PORT_P1_2
                                     91 	.globl _PORT_P1_1
                                     92 	.globl _PORT_P1_0
                                     93 	.globl _CY
                                     94 	.globl _AC
                                     95 	.globl _F0
                                     96 	.globl _RS1
                                     97 	.globl _RS0
                                     98 	.globl _OV
                                     99 	.globl _F1
                                    100 	.globl _P
                                    101 	.globl _IAP_CONTR
                                    102 	.globl _IAP_TRIG
                                    103 	.globl _IAP_CMD
                                    104 	.globl _IAP_ADDR
                                    105 	.globl _IAP_ADDRL
                                    106 	.globl _IAP_ADDRH
                                    107 	.globl _IAP_DATA
                                    108 	.globl _UART_SADEN
                                    109 	.globl _UART_SADDR
                                    110 	.globl _UART_SBUF
                                    111 	.globl _UART_SCON
                                    112 	.globl _PCA_CMOD
                                    113 	.globl _PCA_CCON
                                    114 	.globl _PCA_PWM2
                                    115 	.globl _PCA_PWM1
                                    116 	.globl _PCA_PWM0
                                    117 	.globl _PCA_C
                                    118 	.globl _PCA_CCAP2_L
                                    119 	.globl _PCA_CCAP2_H
                                    120 	.globl _PCA_CCAP1_L
                                    121 	.globl _PCA_CCAP1_H
                                    122 	.globl _PCA_CCAP0_L
                                    123 	.globl _PCA_CCAP0_H
                                    124 	.globl _PCA_CCAP2
                                    125 	.globl _PCA_CCAP1
                                    126 	.globl _PCA_CCAP0
                                    127 	.globl _PCA_CCAPM2
                                    128 	.globl _PCA_CCAPM1
                                    129 	.globl _PCA_CCAPM0
                                    130 	.globl _CMP_CR2
                                    131 	.globl _CMP_CR1
                                    132 	.globl _ADC_RESL
                                    133 	.globl _ADC_RESH
                                    134 	.globl _ADC_RES
                                    135 	.globl _ADC_CONTR
                                    136 	.globl _ADC_P1ASF
                                    137 	.globl _EEPROM_CONTR
                                    138 	.globl _EEPROM_TRIG
                                    139 	.globl _EEPROM_CMD
                                    140 	.globl _EEPROM_ADDR
                                    141 	.globl _EEPROM_DATA
                                    142 	.globl _TMR_T2
                                    143 	.globl _TMR_T0
                                    144 	.globl _TMR_TMOD
                                    145 	.globl _TMR_TCON
                                    146 	.globl _INT_IP2
                                    147 	.globl _INT_IP
                                    148 	.globl _INT_IE2
                                    149 	.globl _INT_IE
                                    150 	.globl _PORT_P5M0
                                    151 	.globl _PORT_P5M1
                                    152 	.globl _PORT_P4M0
                                    153 	.globl _PORT_P4M1
                                    154 	.globl _PORT_P3M0
                                    155 	.globl _PORT_P3M1
                                    156 	.globl _PORT_P2M0
                                    157 	.globl _PORT_P2M1
                                    158 	.globl _PORT_P1M0
                                    159 	.globl _PORT_P1M1
                                    160 	.globl _PORT_P5
                                    161 	.globl _PORT_P4
                                    162 	.globl _PORT_P3
                                    163 	.globl _PORT_P2
                                    164 	.globl _PORT_P1
                                    165 	.globl _PSW
                                    166 	.globl _PCON2
                                    167 	.globl _AUXR2
                                    168 	.globl _AUXR1
                                    169 	.globl _AUXR
                                    170 	.globl _PCON
                                    171 	.globl _DPTR
                                    172 	.globl _SP
                                    173 	.globl _display_autobrightness
                                    174 	.globl _DS1302_DATA_7
                                    175 	.globl _DS1302_DATA_6
                                    176 	.globl _DS1302_DATA_5
                                    177 	.globl _DS1302_DATA_4
                                    178 	.globl _DS1302_DATA_3
                                    179 	.globl _DS1302_DATA_2
                                    180 	.globl _DS1302_DATA_1
                                    181 	.globl _DS1302_DATA_0
                                    182 	.globl _adc_calibrate_LDR_PARM_2
                                    183 	.globl _adc_thermistor_reading
                                    184 	.globl _adc_ldr_reading
                                    185 	.globl _DS1302_DATA
                                    186 	.globl _adc_calibrate_LDR
                                    187 ;--------------------------------------------------------
                                    188 ; special function registers
                                    189 ;--------------------------------------------------------
                                    190 	.area RSEG    (ABS,DATA)
      000000                        191 	.org 0x0000
                           000081   192 _SP	=	0x0081
                           008382   193 _DPTR	=	0x8382
                           000087   194 _PCON	=	0x0087
                           00008E   195 _AUXR	=	0x008e
                           0000A2   196 _AUXR1	=	0x00a2
                           00008F   197 _AUXR2	=	0x008f
                           000097   198 _PCON2	=	0x0097
                           0000D0   199 _PSW	=	0x00d0
                           000090   200 _PORT_P1	=	0x0090
                           0000A0   201 _PORT_P2	=	0x00a0
                           0000B0   202 _PORT_P3	=	0x00b0
                           0000C0   203 _PORT_P4	=	0x00c0
                           0000C8   204 _PORT_P5	=	0x00c8
                           000091   205 _PORT_P1M1	=	0x0091
                           000092   206 _PORT_P1M0	=	0x0092
                           000095   207 _PORT_P2M1	=	0x0095
                           000096   208 _PORT_P2M0	=	0x0096
                           0000B1   209 _PORT_P3M1	=	0x00b1
                           0000B2   210 _PORT_P3M0	=	0x00b2
                           0000B3   211 _PORT_P4M1	=	0x00b3
                           0000B4   212 _PORT_P4M0	=	0x00b4
                           0000C9   213 _PORT_P5M1	=	0x00c9
                           0000CA   214 _PORT_P5M0	=	0x00ca
                           0000A8   215 _INT_IE	=	0x00a8
                           0000AF   216 _INT_IE2	=	0x00af
                           0000B8   217 _INT_IP	=	0x00b8
                           0000B5   218 _INT_IP2	=	0x00b5
                           000088   219 _TMR_TCON	=	0x0088
                           000089   220 _TMR_TMOD	=	0x0089
                           008C8A   221 _TMR_T0	=	0x8c8a
                           00D6D7   222 _TMR_T2	=	0xd6d7
                           0000C2   223 _EEPROM_DATA	=	0x00c2
                           00C3C4   224 _EEPROM_ADDR	=	0xc3c4
                           0000C5   225 _EEPROM_CMD	=	0x00c5
                           0000C6   226 _EEPROM_TRIG	=	0x00c6
                           0000C7   227 _EEPROM_CONTR	=	0x00c7
                           00009D   228 _ADC_P1ASF	=	0x009d
                           0000BC   229 _ADC_CONTR	=	0x00bc
                           00BDBE   230 _ADC_RES	=	0xbdbe
                           0000BD   231 _ADC_RESH	=	0x00bd
                           0000BE   232 _ADC_RESL	=	0x00be
                           0000E6   233 _CMP_CR1	=	0x00e6
                           0000E7   234 _CMP_CR2	=	0x00e7
                           0000DA   235 _PCA_CCAPM0	=	0x00da
                           0000DB   236 _PCA_CCAPM1	=	0x00db
                           0000DC   237 _PCA_CCAPM2	=	0x00dc
                           00FAEA   238 _PCA_CCAP0	=	0xfaea
                           00FBEB   239 _PCA_CCAP1	=	0xfbeb
                           00FCEC   240 _PCA_CCAP2	=	0xfcec
                           0000FA   241 _PCA_CCAP0_H	=	0x00fa
                           0000EA   242 _PCA_CCAP0_L	=	0x00ea
                           0000FB   243 _PCA_CCAP1_H	=	0x00fb
                           0000EB   244 _PCA_CCAP1_L	=	0x00eb
                           0000FC   245 _PCA_CCAP2_H	=	0x00fc
                           0000EC   246 _PCA_CCAP2_L	=	0x00ec
                           00F9E9   247 _PCA_C	=	0xf9e9
                           0000F2   248 _PCA_PWM0	=	0x00f2
                           0000F3   249 _PCA_PWM1	=	0x00f3
                           0000F4   250 _PCA_PWM2	=	0x00f4
                           0000D8   251 _PCA_CCON	=	0x00d8
                           0000D9   252 _PCA_CMOD	=	0x00d9
                           000098   253 _UART_SCON	=	0x0098
                           000099   254 _UART_SBUF	=	0x0099
                           0000A9   255 _UART_SADDR	=	0x00a9
                           0000B9   256 _UART_SADEN	=	0x00b9
                           0000C2   257 _IAP_DATA	=	0x00c2
                           0000C3   258 _IAP_ADDRH	=	0x00c3
                           0000C4   259 _IAP_ADDRL	=	0x00c4
                           00C3C4   260 _IAP_ADDR	=	0xc3c4
                           0000C5   261 _IAP_CMD	=	0x00c5
                           0000C6   262 _IAP_TRIG	=	0x00c6
                           0000C7   263 _IAP_CONTR	=	0x00c7
                                    264 ;--------------------------------------------------------
                                    265 ; special function bits
                                    266 ;--------------------------------------------------------
                                    267 	.area RSEG    (ABS,DATA)
      000000                        268 	.org 0x0000
                           0000D0   269 _P	=	0x00d0
                           0000D1   270 _F1	=	0x00d1
                           0000D2   271 _OV	=	0x00d2
                           0000D3   272 _RS0	=	0x00d3
                           0000D4   273 _RS1	=	0x00d4
                           0000D5   274 _F0	=	0x00d5
                           0000D6   275 _AC	=	0x00d6
                           0000D7   276 _CY	=	0x00d7
                           000090   277 _PORT_P1_0	=	0x0090
                           000091   278 _PORT_P1_1	=	0x0091
                           000092   279 _PORT_P1_2	=	0x0092
                           000093   280 _PORT_P1_3	=	0x0093
                           000094   281 _PORT_P1_4	=	0x0094
                           000095   282 _PORT_P1_5	=	0x0095
                           000096   283 _PORT_P1_6	=	0x0096
                           000097   284 _PORT_P1_7	=	0x0097
                           0000A0   285 _PORT_P2_0	=	0x00a0
                           0000A1   286 _PORT_P2_1	=	0x00a1
                           0000A2   287 _PORT_P2_2	=	0x00a2
                           0000A3   288 _PORT_P2_3	=	0x00a3
                           0000A4   289 _PORT_P2_4	=	0x00a4
                           0000A5   290 _PORT_P2_5	=	0x00a5
                           0000A6   291 _PORT_P2_6	=	0x00a6
                           0000A7   292 _PORT_P2_7	=	0x00a7
                           0000B0   293 _PORT_P3_0	=	0x00b0
                           0000B1   294 _PORT_P3_1	=	0x00b1
                           0000B2   295 _PORT_P3_2	=	0x00b2
                           0000B3   296 _PORT_P3_3	=	0x00b3
                           0000B4   297 _PORT_P3_4	=	0x00b4
                           0000B5   298 _PORT_P3_5	=	0x00b5
                           0000B6   299 _PORT_P3_6	=	0x00b6
                           0000B7   300 _PORT_P3_7	=	0x00b7
                           0000C0   301 _PORT_P4_0	=	0x00c0
                           0000C1   302 _PORT_P4_1	=	0x00c1
                           0000C2   303 _PORT_P4_2	=	0x00c2
                           0000C3   304 _PORT_P4_3	=	0x00c3
                           0000C4   305 _PORT_P4_4	=	0x00c4
                           0000C5   306 _PORT_P4_5	=	0x00c5
                           0000C6   307 _PORT_P4_6	=	0x00c6
                           0000C7   308 _PORT_P4_7	=	0x00c7
                           0000C8   309 _PORT_P5_0	=	0x00c8
                           0000C9   310 _PORT_P5_1	=	0x00c9
                           0000CA   311 _PORT_P5_2	=	0x00ca
                           0000CB   312 _PORT_P5_3	=	0x00cb
                           0000CC   313 _PORT_P5_4	=	0x00cc
                           0000CD   314 _PORT_P5_5	=	0x00cd
                           0000CE   315 _PORT_P5_6	=	0x00ce
                           0000CF   316 _PORT_P5_7	=	0x00cf
                           0000A8   317 _INT_IE_EX0	=	0x00a8
                           0000A9   318 _INT_IE_ET0	=	0x00a9
                           0000AA   319 _INT_IE_EX1	=	0x00aa
                           0000AB   320 _INT_IE_ET1	=	0x00ab
                           0000AC   321 _INT_IE_ES	=	0x00ac
                           0000AD   322 _INT_IE_EADC	=	0x00ad
                           0000AE   323 _INT_IE_ELVD	=	0x00ae
                           0000AF   324 _INT_IE_EA	=	0x00af
                           0000B8   325 _INT_IP_PX0	=	0x00b8
                           0000B9   326 _INT_IP_PT0	=	0x00b9
                           0000BA   327 _INT_IP_PX1	=	0x00ba
                           0000BB   328 _INT_IP_PT1	=	0x00bb
                           0000BC   329 _INT_IP_PS	=	0x00bc
                           0000BD   330 _INT_IP_PADC	=	0x00bd
                           0000BE   331 _INT_IP_PLVD	=	0x00be
                           0000BF   332 _INT_IP_PPCA	=	0x00bf
                           000088   333 _TMR_TCON_IT0	=	0x0088
                           000089   334 _TMR_TCON_IE0	=	0x0089
                           00008A   335 _TMR_TCON_IT1	=	0x008a
                           00008B   336 _TMR_TCON_IE1	=	0x008b
                           00008C   337 _TMR_TCON_TR0	=	0x008c
                           00008D   338 _TMR_TCON_TF0	=	0x008d
                           00008E   339 _TMR_TCON_TR1	=	0x008e
                           00008F   340 _TMR_TCON_TF1	=	0x008f
                           0000D8   341 _PCA_CCF0	=	0x00d8
                           0000D9   342 _PCA_CCF1	=	0x00d9
                           0000DA   343 _PCA_CCF2	=	0x00da
                           0000DE   344 _PCA_CR	=	0x00de
                           0000DF   345 _PCA_CF	=	0x00df
                           000098   346 _UART_RI	=	0x0098
                           000099   347 _UART_TI	=	0x0099
                           00009A   348 _UART_RB8	=	0x009a
                           00009B   349 _UART_TB8	=	0x009b
                           00009C   350 _UART_REN	=	0x009c
                           00009D   351 _UART_SM2	=	0x009d
                           00009E   352 _UART_SM1	=	0x009e
                           00009F   353 _UART_SM0	=	0x009f
                                    354 ;--------------------------------------------------------
                                    355 ; overlayable register banks
                                    356 ;--------------------------------------------------------
                                    357 	.area REG_BANK_0	(REL,OVR,DATA)
      000000                        358 	.ds 8
                                    359 	.area REG_BANK_3	(REL,OVR,DATA)
      000000                        360 	.ds 8
                                    361 ;--------------------------------------------------------
                                    362 ; overlayable bit register bank
                                    363 ;--------------------------------------------------------
                                    364 	.area BIT_BANK	(REL,OVR,DATA)
      000000                        365 bits:
      000000                        366 	.ds 1
                           008000   367 	b0 = bits[0]
                           008100   368 	b1 = bits[1]
                           008200   369 	b2 = bits[2]
                           008300   370 	b3 = bits[3]
                           008400   371 	b4 = bits[4]
                           008500   372 	b5 = bits[5]
                           008600   373 	b6 = bits[6]
                           008700   374 	b7 = bits[7]
                                    375 ;--------------------------------------------------------
                                    376 ; internal ram data
                                    377 ;--------------------------------------------------------
                                    378 	.area DSEG    (DATA)
                           000021   379 _DS1302_DATA	=	0x0021
      000000                        380 _adc_ldr_reading::
      000000                        381 	.ds 2
      000002                        382 _adc_thermistor_reading::
      000002                        383 	.ds 2
      000004                        384 _adc_calibrate_LDR_PARM_2:
      000004                        385 	.ds 2
      000006                        386 _adc_calibrate_LDR_ldr_min_65536_159:
      000006                        387 	.ds 2
      000008                        388 _adc_calibrate_LDR_gradient_65536_160:
      000008                        389 	.ds 4
      00000C                        390 _adc_calibrate_LDR_intercept_65536_160:
      00000C                        391 	.ds 4
      000010                        392 _adc_calibrate_LDR_i_65536_160:
      000010                        393 	.ds 2
                                    394 ;--------------------------------------------------------
                                    395 ; overlayable items in internal ram
                                    396 ;--------------------------------------------------------
                                    397 ;--------------------------------------------------------
                                    398 ; indirectly addressable internal ram data
                                    399 ;--------------------------------------------------------
                                    400 	.area ISEG    (DATA)
                                    401 ;--------------------------------------------------------
                                    402 ; absolute internal ram data
                                    403 ;--------------------------------------------------------
                                    404 	.area IABS    (ABS,DATA)
                                    405 	.area IABS    (ABS,DATA)
                                    406 ;--------------------------------------------------------
                                    407 ; bit data
                                    408 ;--------------------------------------------------------
                                    409 	.area BSEG    (BIT)
                           000008   410 _DS1302_DATA_0	=	0x0008
                           000009   411 _DS1302_DATA_1	=	0x0009
                           00000A   412 _DS1302_DATA_2	=	0x000a
                           00000B   413 _DS1302_DATA_3	=	0x000b
                           00000C   414 _DS1302_DATA_4	=	0x000c
                           00000D   415 _DS1302_DATA_5	=	0x000d
                           00000E   416 _DS1302_DATA_6	=	0x000e
                           00000F   417 _DS1302_DATA_7	=	0x000f
                           00001F   418 _display_autobrightness	=	0x001f
                                    419 ;--------------------------------------------------------
                                    420 ; paged external ram data
                                    421 ;--------------------------------------------------------
                                    422 	.area PSEG    (PAG,XDATA)
                                    423 ;--------------------------------------------------------
                                    424 ; external ram data
                                    425 ;--------------------------------------------------------
                                    426 	.area XSEG    (XDATA)
                                    427 ;--------------------------------------------------------
                                    428 ; absolute external ram data
                                    429 ;--------------------------------------------------------
                                    430 	.area XABS    (ABS,XDATA)
                                    431 ;--------------------------------------------------------
                                    432 ; external initialized ram data
                                    433 ;--------------------------------------------------------
                                    434 	.area XISEG   (XDATA)
                                    435 	.area HOME    (CODE)
                                    436 	.area GSINIT0 (CODE)
                                    437 	.area GSINIT1 (CODE)
                                    438 	.area GSINIT2 (CODE)
                                    439 	.area GSINIT3 (CODE)
                                    440 	.area GSINIT4 (CODE)
                                    441 	.area GSINIT5 (CODE)
                                    442 	.area GSINIT  (CODE)
                                    443 	.area GSFINAL (CODE)
                                    444 	.area CSEG    (CODE)
                                    445 ;--------------------------------------------------------
                                    446 ; global & static initialisations
                                    447 ;--------------------------------------------------------
                                    448 	.area HOME    (CODE)
                                    449 	.area GSINIT  (CODE)
                                    450 	.area GSFINAL (CODE)
                                    451 	.area GSINIT  (CODE)
                                    452 ;--------------------------------------------------------
                                    453 ; Home
                                    454 ;--------------------------------------------------------
                                    455 	.area HOME    (CODE)
                                    456 	.area HOME    (CODE)
                                    457 ;--------------------------------------------------------
                                    458 ; code
                                    459 ;--------------------------------------------------------
                                    460 	.area CSEG    (CODE)
                                    461 ;------------------------------------------------------------
                                    462 ;Allocation info for local variables in function 'adc_calibrate_LDR'
                                    463 ;------------------------------------------------------------
                                    464 ;ldr_max                   Allocated with name '_adc_calibrate_LDR_PARM_2'
                                    465 ;ldr_min                   Allocated with name '_adc_calibrate_LDR_ldr_min_65536_159'
                                    466 ;gradient                  Allocated with name '_adc_calibrate_LDR_gradient_65536_160'
                                    467 ;intercept                 Allocated with name '_adc_calibrate_LDR_intercept_65536_160'
                                    468 ;i                         Allocated with name '_adc_calibrate_LDR_i_65536_160'
                                    469 ;------------------------------------------------------------
                                    470 ;	src/adc.c:13: void adc_calibrate_LDR(uint16_t ldr_min,uint16_t ldr_max) {
                                    471 ;	-----------------------------------------
                                    472 ;	 function adc_calibrate_LDR
                                    473 ;	-----------------------------------------
      000000                        474 _adc_calibrate_LDR:
                           000007   475 	ar7 = 0x07
                           000006   476 	ar6 = 0x06
                           000005   477 	ar5 = 0x05
                           000004   478 	ar4 = 0x04
                           000003   479 	ar3 = 0x03
                           000002   480 	ar2 = 0x02
                           000001   481 	ar1 = 0x01
                           000000   482 	ar0 = 0x00
      000000 85 82*06         [24]  483 	mov	_adc_calibrate_LDR_ldr_min_65536_159,dpl
      000003 85 83*07         [24]  484 	mov	(_adc_calibrate_LDR_ldr_min_65536_159 + 1),dph
                                    485 ;	src/adc.c:14: float gradient = (((float)(DISPLAY_COUNTS_RANGE))/((-1.00f)*(float)(ldr_max - ldr_min)));
      000006 E5*04            [12]  486 	mov	a,_adc_calibrate_LDR_PARM_2
      000008 C3               [12]  487 	clr	c
      000009 95*06            [12]  488 	subb	a,_adc_calibrate_LDR_ldr_min_65536_159
      00000B F5 82            [12]  489 	mov	dpl,a
      00000D E5*05            [12]  490 	mov	a,(_adc_calibrate_LDR_PARM_2 + 1)
      00000F 95*07            [12]  491 	subb	a,(_adc_calibrate_LDR_ldr_min_65536_159 + 1)
      000011 F5 83            [12]  492 	mov	dph,a
      000013 12r00r00         [24]  493 	lcall	___uint2fs
      000016 AA 82            [24]  494 	mov	r2,dpl
      000018 AB 83            [24]  495 	mov	r3,dph
      00001A AC F0            [24]  496 	mov	r4,b
      00001C B2 E7            [12]  497 	cpl	acc.7
      00001E FD               [12]  498 	mov	r5,a
      00001F C0 02            [24]  499 	push	ar2
      000021 C0 03            [24]  500 	push	ar3
      000023 C0 04            [24]  501 	push	ar4
      000025 C0 05            [24]  502 	push	ar5
      000027 90 D4 00         [24]  503 	mov	dptr,#0xd400
      00002A 75 F0 68         [24]  504 	mov	b,#0x68
      00002D 74 47            [12]  505 	mov	a,#0x47
      00002F 12r00r00         [24]  506 	lcall	___fsdiv
      000032 85 82*08         [24]  507 	mov	_adc_calibrate_LDR_gradient_65536_160,dpl
      000035 85 83*09         [24]  508 	mov	(_adc_calibrate_LDR_gradient_65536_160 + 1),dph
      000038 85 F0*0A         [24]  509 	mov	(_adc_calibrate_LDR_gradient_65536_160 + 2),b
      00003B F5*0B            [12]  510 	mov	(_adc_calibrate_LDR_gradient_65536_160 + 3),a
      00003D E5 81            [12]  511 	mov	a,sp
      00003F 24 FC            [12]  512 	add	a,#0xfc
      000041 F5 81            [12]  513 	mov	sp,a
                                    514 ;	src/adc.c:15: float intercept = ((float)DISPLAY_COUNTS_MAX - gradient*((float)ldr_min));
      000043 85*06 82         [24]  515 	mov	dpl,_adc_calibrate_LDR_ldr_min_65536_159
      000046 85*07 83         [24]  516 	mov	dph,(_adc_calibrate_LDR_ldr_min_65536_159 + 1)
      000049 12r00r00         [24]  517 	lcall	___uint2fs
      00004C A8 82            [24]  518 	mov	r0,dpl
      00004E A9 83            [24]  519 	mov	r1,dph
      000050 AC F0            [24]  520 	mov	r4,b
      000052 FD               [12]  521 	mov	r5,a
      000053 C0 00            [24]  522 	push	ar0
      000055 C0 01            [24]  523 	push	ar1
      000057 C0 04            [24]  524 	push	ar4
      000059 C0 05            [24]  525 	push	ar5
      00005B 85*08 82         [24]  526 	mov	dpl,_adc_calibrate_LDR_gradient_65536_160
      00005E 85*09 83         [24]  527 	mov	dph,(_adc_calibrate_LDR_gradient_65536_160 + 1)
      000061 85*0A F0         [24]  528 	mov	b,(_adc_calibrate_LDR_gradient_65536_160 + 2)
      000064 E5*0B            [12]  529 	mov	a,(_adc_calibrate_LDR_gradient_65536_160 + 3)
      000066 12r00r00         [24]  530 	lcall	___fsmul
      000069 AA 82            [24]  531 	mov	r2,dpl
      00006B AB 83            [24]  532 	mov	r3,dph
      00006D AC F0            [24]  533 	mov	r4,b
      00006F FD               [12]  534 	mov	r5,a
      000070 E5 81            [12]  535 	mov	a,sp
      000072 24 FC            [12]  536 	add	a,#0xfc
      000074 F5 81            [12]  537 	mov	sp,a
      000076 C0 02            [24]  538 	push	ar2
      000078 C0 03            [24]  539 	push	ar3
      00007A C0 04            [24]  540 	push	ar4
      00007C C0 05            [24]  541 	push	ar5
      00007E 90 00 00         [24]  542 	mov	dptr,#0x0000
      000081 75 F0 6A         [24]  543 	mov	b,#0x6a
      000084 74 47            [12]  544 	mov	a,#0x47
      000086 12r00r00         [24]  545 	lcall	___fssub
      000089 85 82*0C         [24]  546 	mov	_adc_calibrate_LDR_intercept_65536_160,dpl
      00008C 85 83*0D         [24]  547 	mov	(_adc_calibrate_LDR_intercept_65536_160 + 1),dph
      00008F 85 F0*0E         [24]  548 	mov	(_adc_calibrate_LDR_intercept_65536_160 + 2),b
      000092 F5*0F            [12]  549 	mov	(_adc_calibrate_LDR_intercept_65536_160 + 3),a
      000094 E5 81            [12]  550 	mov	a,sp
      000096 24 FC            [12]  551 	add	a,#0xfc
      000098 F5 81            [12]  552 	mov	sp,a
                                    553 ;	src/adc.c:18: eeprom_start();
      00009A 12r00r00         [24]  554 	lcall	_eeprom_start
                                    555 ;	src/adc.c:19: eeprom_erase(0x00);	//Erase EEPROM sectors holding LDR lookup table
      00009D 75 82 00         [24]  556 	mov	dpl,#0x00
      0000A0 12r00r00         [24]  557 	lcall	_eeprom_erase
                                    558 ;	src/adc.c:20: eeprom_erase(0x02);	//Erase EEPROM sectors holding LDR lookup table
      0000A3 75 82 02         [24]  559 	mov	dpl,#0x02
      0000A6 12r00r00         [24]  560 	lcall	_eeprom_erase
                                    561 ;	src/adc.c:21: eeprom_erase(0x04);	//Erase EEPROM sectors holding LDR lookup table
      0000A9 75 82 04         [24]  562 	mov	dpl,#0x04
      0000AC 12r00r00         [24]  563 	lcall	_eeprom_erase
                                    564 ;	src/adc.c:22: eeprom_erase(0x08);	//Erase EEPROM sectors holding LDR lookup table
      0000AF 75 82 08         [24]  565 	mov	dpl,#0x08
      0000B2 12r00r00         [24]  566 	lcall	_eeprom_erase
                                    567 ;	src/adc.c:23: for(i=0;i<1024;i++){
      0000B5 E4               [12]  568 	clr	a
      0000B6 F5*10            [12]  569 	mov	_adc_calibrate_LDR_i_65536_160,a
      0000B8 F5*11            [12]  570 	mov	(_adc_calibrate_LDR_i_65536_160 + 1),a
      0000BA                        571 00108$:
                                    572 ;	src/adc.c:24: if((i >= ldr_min) && (i <= ldr_max)){
      0000BA C3               [12]  573 	clr	c
      0000BB E5*10            [12]  574 	mov	a,_adc_calibrate_LDR_i_65536_160
      0000BD 95*06            [12]  575 	subb	a,_adc_calibrate_LDR_ldr_min_65536_159
      0000BF E5*11            [12]  576 	mov	a,(_adc_calibrate_LDR_i_65536_160 + 1)
      0000C1 95*07            [12]  577 	subb	a,(_adc_calibrate_LDR_ldr_min_65536_159 + 1)
      0000C3 50 03            [24]  578 	jnc	00132$
      0000C5 02r01rA6         [24]  579 	ljmp	00102$
      0000C8                        580 00132$:
      0000C8 C3               [12]  581 	clr	c
      0000C9 E5*04            [12]  582 	mov	a,_adc_calibrate_LDR_PARM_2
      0000CB 95*10            [12]  583 	subb	a,_adc_calibrate_LDR_i_65536_160
      0000CD E5*05            [12]  584 	mov	a,(_adc_calibrate_LDR_PARM_2 + 1)
      0000CF 95*11            [12]  585 	subb	a,(_adc_calibrate_LDR_i_65536_160 + 1)
      0000D1 50 03            [24]  586 	jnc	00133$
      0000D3 02r01rA6         [24]  587 	ljmp	00102$
      0000D6                        588 00133$:
                                    589 ;	src/adc.c:25: eeprom_write(2*i,((uint16_t)((gradient*(float)(i)) + intercept)) & 0x00ff);
      0000D6 AC*10            [24]  590 	mov	r4,_adc_calibrate_LDR_i_65536_160
      0000D8 AD*11            [24]  591 	mov	r5,(_adc_calibrate_LDR_i_65536_160 + 1)
      0000DA EC               [12]  592 	mov	a,r4
      0000DB 2C               [12]  593 	add	a,r4
      0000DC FC               [12]  594 	mov	r4,a
      0000DD ED               [12]  595 	mov	a,r5
      0000DE 33               [12]  596 	rlc	a
      0000DF FD               [12]  597 	mov	r5,a
      0000E0 8C 02            [24]  598 	mov	ar2,r4
      0000E2 8D 03            [24]  599 	mov	ar3,r5
      0000E4 85*10 82         [24]  600 	mov	dpl,_adc_calibrate_LDR_i_65536_160
      0000E7 85*11 83         [24]  601 	mov	dph,(_adc_calibrate_LDR_i_65536_160 + 1)
      0000EA C0 05            [24]  602 	push	ar5
      0000EC C0 04            [24]  603 	push	ar4
      0000EE C0 03            [24]  604 	push	ar3
      0000F0 C0 02            [24]  605 	push	ar2
      0000F2 12r00r00         [24]  606 	lcall	___uint2fs
      0000F5 A8 82            [24]  607 	mov	r0,dpl
      0000F7 A9 83            [24]  608 	mov	r1,dph
      0000F9 AE F0            [24]  609 	mov	r6,b
      0000FB FF               [12]  610 	mov	r7,a
      0000FC C0 00            [24]  611 	push	ar0
      0000FE C0 01            [24]  612 	push	ar1
      000100 C0 06            [24]  613 	push	ar6
      000102 C0 07            [24]  614 	push	ar7
      000104 85*08 82         [24]  615 	mov	dpl,_adc_calibrate_LDR_gradient_65536_160
      000107 85*09 83         [24]  616 	mov	dph,(_adc_calibrate_LDR_gradient_65536_160 + 1)
      00010A 85*0A F0         [24]  617 	mov	b,(_adc_calibrate_LDR_gradient_65536_160 + 2)
      00010D E5*0B            [12]  618 	mov	a,(_adc_calibrate_LDR_gradient_65536_160 + 3)
      00010F 12r00r00         [24]  619 	lcall	___fsmul
      000112 A8 82            [24]  620 	mov	r0,dpl
      000114 A9 83            [24]  621 	mov	r1,dph
      000116 AE F0            [24]  622 	mov	r6,b
      000118 FF               [12]  623 	mov	r7,a
      000119 E5 81            [12]  624 	mov	a,sp
      00011B 24 FC            [12]  625 	add	a,#0xfc
      00011D F5 81            [12]  626 	mov	sp,a
      00011F C0*0C            [24]  627 	push	_adc_calibrate_LDR_intercept_65536_160
      000121 C0*0D            [24]  628 	push	(_adc_calibrate_LDR_intercept_65536_160 + 1)
      000123 C0*0E            [24]  629 	push	(_adc_calibrate_LDR_intercept_65536_160 + 2)
      000125 C0*0F            [24]  630 	push	(_adc_calibrate_LDR_intercept_65536_160 + 3)
      000127 88 82            [24]  631 	mov	dpl,r0
      000129 89 83            [24]  632 	mov	dph,r1
      00012B 8E F0            [24]  633 	mov	b,r6
      00012D EF               [12]  634 	mov	a,r7
      00012E 12r00r00         [24]  635 	lcall	___fsadd
      000131 A8 82            [24]  636 	mov	r0,dpl
      000133 A9 83            [24]  637 	mov	r1,dph
      000135 AE F0            [24]  638 	mov	r6,b
      000137 FF               [12]  639 	mov	r7,a
      000138 E5 81            [12]  640 	mov	a,sp
      00013A 24 FC            [12]  641 	add	a,#0xfc
      00013C F5 81            [12]  642 	mov	sp,a
      00013E D0 02            [24]  643 	pop	ar2
      000140 D0 03            [24]  644 	pop	ar3
      000142 D0 04            [24]  645 	pop	ar4
      000144 D0 05            [24]  646 	pop	ar5
      000146 88 82            [24]  647 	mov	dpl,r0
      000148 89 83            [24]  648 	mov	dph,r1
      00014A 8E F0            [24]  649 	mov	b,r6
      00014C EF               [12]  650 	mov	a,r7
      00014D C0 07            [24]  651 	push	ar7
      00014F C0 06            [24]  652 	push	ar6
      000151 C0 05            [24]  653 	push	ar5
      000153 C0 04            [24]  654 	push	ar4
      000155 C0 03            [24]  655 	push	ar3
      000157 C0 02            [24]  656 	push	ar2
      000159 C0 01            [24]  657 	push	ar1
      00015B C0 00            [24]  658 	push	ar0
      00015D 12r00r00         [24]  659 	lcall	___fs2uint
      000160 85 82*00         [24]  660 	mov	_eeprom_write_PARM_2,dpl
      000163 D0 00            [24]  661 	pop	ar0
      000165 D0 01            [24]  662 	pop	ar1
      000167 D0 02            [24]  663 	pop	ar2
      000169 D0 03            [24]  664 	pop	ar3
      00016B 8A 82            [24]  665 	mov	dpl,r2
      00016D 8B 83            [24]  666 	mov	dph,r3
      00016F C0 01            [24]  667 	push	ar1
      000171 C0 00            [24]  668 	push	ar0
      000173 12r00r00         [24]  669 	lcall	_eeprom_write
      000176 D0 00            [24]  670 	pop	ar0
      000178 D0 01            [24]  671 	pop	ar1
      00017A D0 04            [24]  672 	pop	ar4
      00017C D0 05            [24]  673 	pop	ar5
      00017E D0 06            [24]  674 	pop	ar6
      000180 D0 07            [24]  675 	pop	ar7
                                    676 ;	src/adc.c:26: eeprom_write((2*i)+1,((uint16_t)((gradient*(float)(i)) + intercept)) >> 8);
      000182 0C               [12]  677 	inc	r4
      000183 BC 00 01         [24]  678 	cjne	r4,#0x00,00134$
      000186 0D               [12]  679 	inc	r5
      000187                        680 00134$:
      000187 88 82            [24]  681 	mov	dpl,r0
      000189 89 83            [24]  682 	mov	dph,r1
      00018B 8E F0            [24]  683 	mov	b,r6
      00018D EF               [12]  684 	mov	a,r7
      00018E C0 05            [24]  685 	push	ar5
      000190 C0 04            [24]  686 	push	ar4
      000192 12r00r00         [24]  687 	lcall	___fs2uint
      000195 AF 83            [24]  688 	mov	r7,dph
      000197 D0 04            [24]  689 	pop	ar4
      000199 D0 05            [24]  690 	pop	ar5
      00019B 8F*00            [24]  691 	mov	_eeprom_write_PARM_2,r7
      00019D 8C 82            [24]  692 	mov	dpl,r4
      00019F 8D 83            [24]  693 	mov	dph,r5
      0001A1 12r00r00         [24]  694 	lcall	_eeprom_write
                                    695 ;	src/adc.c:27: continue;
      0001A4 80 63            [24]  696 	sjmp	00106$
      0001A6                        697 00102$:
                                    698 ;	src/adc.c:29: if(i < ldr_min){
      0001A6 C3               [12]  699 	clr	c
      0001A7 E5*10            [12]  700 	mov	a,_adc_calibrate_LDR_i_65536_160
      0001A9 95*06            [12]  701 	subb	a,_adc_calibrate_LDR_ldr_min_65536_159
      0001AB E5*11            [12]  702 	mov	a,(_adc_calibrate_LDR_i_65536_160 + 1)
      0001AD 95*07            [12]  703 	subb	a,(_adc_calibrate_LDR_ldr_min_65536_159 + 1)
      0001AF 50 2D            [24]  704 	jnc	00105$
                                    705 ;	src/adc.c:30: eeprom_write((2*i),DISPLAY_COUNTS_MAX & 0x00ff);
      0001B1 A8*10            [24]  706 	mov	r0,_adc_calibrate_LDR_i_65536_160
      0001B3 A9*11            [24]  707 	mov	r1,(_adc_calibrate_LDR_i_65536_160 + 1)
      0001B5 E8               [12]  708 	mov	a,r0
      0001B6 28               [12]  709 	add	a,r0
      0001B7 F8               [12]  710 	mov	r0,a
      0001B8 E9               [12]  711 	mov	a,r1
      0001B9 33               [12]  712 	rlc	a
      0001BA F9               [12]  713 	mov	r1,a
      0001BB 88 82            [24]  714 	mov	dpl,r0
      0001BD 89 83            [24]  715 	mov	dph,r1
      0001BF 75*00 00         [24]  716 	mov	_eeprom_write_PARM_2,#0x00
      0001C2 C0 01            [24]  717 	push	ar1
      0001C4 C0 00            [24]  718 	push	ar0
      0001C6 12r00r00         [24]  719 	lcall	_eeprom_write
      0001C9 D0 00            [24]  720 	pop	ar0
      0001CB D0 01            [24]  721 	pop	ar1
                                    722 ;	src/adc.c:31: eeprom_write((2*i)+1,DISPLAY_COUNTS_MAX >> 8);
      0001CD 08               [12]  723 	inc	r0
      0001CE B8 00 01         [24]  724 	cjne	r0,#0x00,00136$
      0001D1 09               [12]  725 	inc	r1
      0001D2                        726 00136$:
      0001D2 88 82            [24]  727 	mov	dpl,r0
      0001D4 89 83            [24]  728 	mov	dph,r1
      0001D6 75*00 EA         [24]  729 	mov	_eeprom_write_PARM_2,#0xea
      0001D9 12r00r00         [24]  730 	lcall	_eeprom_write
                                    731 ;	src/adc.c:32: continue;
      0001DC 80 2B            [24]  732 	sjmp	00106$
      0001DE                        733 00105$:
                                    734 ;	src/adc.c:34: eeprom_write((2*i),DISPLAY_COUNTS_MIN & 0x00ff);
      0001DE A8*10            [24]  735 	mov	r0,_adc_calibrate_LDR_i_65536_160
      0001E0 A9*11            [24]  736 	mov	r1,(_adc_calibrate_LDR_i_65536_160 + 1)
      0001E2 E8               [12]  737 	mov	a,r0
      0001E3 28               [12]  738 	add	a,r0
      0001E4 F8               [12]  739 	mov	r0,a
      0001E5 E9               [12]  740 	mov	a,r1
      0001E6 33               [12]  741 	rlc	a
      0001E7 F9               [12]  742 	mov	r1,a
      0001E8 88 82            [24]  743 	mov	dpl,r0
      0001EA 89 83            [24]  744 	mov	dph,r1
      0001EC 75*00 2C         [24]  745 	mov	_eeprom_write_PARM_2,#0x2c
      0001EF C0 01            [24]  746 	push	ar1
      0001F1 C0 00            [24]  747 	push	ar0
      0001F3 12r00r00         [24]  748 	lcall	_eeprom_write
      0001F6 D0 00            [24]  749 	pop	ar0
      0001F8 D0 01            [24]  750 	pop	ar1
                                    751 ;	src/adc.c:35: eeprom_write((2*i)+1,DISPLAY_COUNTS_MIN >> 8);
      0001FA 08               [12]  752 	inc	r0
      0001FB B8 00 01         [24]  753 	cjne	r0,#0x00,00137$
      0001FE 09               [12]  754 	inc	r1
      0001FF                        755 00137$:
      0001FF 88 82            [24]  756 	mov	dpl,r0
      000201 89 83            [24]  757 	mov	dph,r1
      000203 75*00 01         [24]  758 	mov	_eeprom_write_PARM_2,#0x01
      000206 12r00r00         [24]  759 	lcall	_eeprom_write
      000209                        760 00106$:
                                    761 ;	src/adc.c:23: for(i=0;i<1024;i++){
      000209 05*10            [12]  762 	inc	_adc_calibrate_LDR_i_65536_160
      00020B E4               [12]  763 	clr	a
      00020C B5*10 02         [24]  764 	cjne	a,_adc_calibrate_LDR_i_65536_160,00138$
      00020F 05*11            [12]  765 	inc	(_adc_calibrate_LDR_i_65536_160 + 1)
      000211                        766 00138$:
      000211 A8*10            [24]  767 	mov	r0,_adc_calibrate_LDR_i_65536_160
      000213 A9*11            [24]  768 	mov	r1,(_adc_calibrate_LDR_i_65536_160 + 1)
      000215 74 FC            [12]  769 	mov	a,#0x100 - 0x04
      000217 29               [12]  770 	add	a,r1
      000218 40 03            [24]  771 	jc	00139$
      00021A 02r00rBA         [24]  772 	ljmp	00108$
      00021D                        773 00139$:
                                    774 ;	src/adc.c:37: eeprom_end();
                                    775 ;	src/adc.c:38: }
      00021D 02r00r00         [24]  776 	ljmp	_eeprom_end
                                    777 ;------------------------------------------------------------
                                    778 ;Allocation info for local variables in function 'ISR_ADC'
                                    779 ;------------------------------------------------------------
                                    780 ;display_counts_buffer     Allocated to registers r6 r7 
                                    781 ;------------------------------------------------------------
                                    782 ;	src/adc.c:57: void ISR_ADC(void) __interrupt(INT_ADC) __using(3) {
                                    783 ;	-----------------------------------------
                                    784 ;	 function ISR_ADC
                                    785 ;	-----------------------------------------
      000220                        786 _ISR_ADC:
                           00001F   787 	ar7 = 0x1f
                           00001E   788 	ar6 = 0x1e
                           00001D   789 	ar5 = 0x1d
                           00001C   790 	ar4 = 0x1c
                           00001B   791 	ar3 = 0x1b
                           00001A   792 	ar2 = 0x1a
                           000019   793 	ar1 = 0x19
                           000018   794 	ar0 = 0x18
      000220 C0*00            [24]  795 	push	bits
      000222 C0 E0            [24]  796 	push	acc
      000224 C0 F0            [24]  797 	push	b
      000226 C0 82            [24]  798 	push	dpl
      000228 C0 83            [24]  799 	push	dph
      00022A C0 07            [24]  800 	push	(0+7)
      00022C C0 06            [24]  801 	push	(0+6)
      00022E C0 05            [24]  802 	push	(0+5)
      000230 C0 04            [24]  803 	push	(0+4)
      000232 C0 03            [24]  804 	push	(0+3)
      000234 C0 02            [24]  805 	push	(0+2)
      000236 C0 01            [24]  806 	push	(0+1)
      000238 C0 00            [24]  807 	push	(0+0)
      00023A C0 D0            [24]  808 	push	psw
      00023C 75 D0 18         [24]  809 	mov	psw,#0x18
                                    810 ;	src/adc.c:59: ADC_CONTR ^= 0x10; //Clear the ADC flag
      00023F 63 BC 10         [24]  811 	xrl	_ADC_CONTR,#0x10
                                    812 ;	src/adc.c:61: if(ADC_CONTR == ADC_SETUP_THERMISTOR){
      000242 74 E7            [12]  813 	mov	a,#0xe7
      000244 B5 BC 09         [24]  814 	cjne	a,_ADC_CONTR,00104$
                                    815 ;	src/adc.c:62: adc_thermistor_reading = ADC_RES;
      000247 85 BE*02         [24]  816 	mov	_adc_thermistor_reading,((_ADC_RES >> 0) & 0xFF)
      00024A 85 BD*03         [24]  817 	mov	(_adc_thermistor_reading + 1),((_ADC_RES >> 8) & 0xFF)
      00024D 02r03r68         [24]  818 	ljmp	00106$
      000250                        819 00104$:
                                    820 ;	src/adc.c:64: adc_ldr_reading = ADC_RES;
      000250 85 BE*00         [24]  821 	mov	_adc_ldr_reading,((_ADC_RES >> 0) & 0xFF)
      000253 85 BD*01         [24]  822 	mov	(_adc_ldr_reading + 1),((_ADC_RES >> 8) & 0xFF)
                                    823 ;	src/adc.c:65: if(display_autobrightness) {
      000256 20 1F 03         [24]  824 	jb	_display_autobrightness,00118$
      000259 02r03r68         [24]  825 	ljmp	00106$
      00025C                        826 00118$:
                                    827 ;	src/adc.c:67: display_counts_buffer = (((float)EEPROM_PWM_FROM_LDR_TABLE[adc_ldr_reading]/100.0) + ((99.00) *((float)display_counts/100.0)));
      00025C E5*00            [12]  828 	mov	a,_adc_ldr_reading
      00025E 25 E0            [12]  829 	add	a,acc
      000260 FE               [12]  830 	mov	r6,a
      000261 E5*01            [12]  831 	mov	a,(_adc_ldr_reading + 1)
      000263 33               [12]  832 	rlc	a
      000264 FF               [12]  833 	mov	r7,a
      000265 8E 82            [24]  834 	mov	dpl,r6
      000267 74s00            [12]  835 	mov	a,#(_EEPROM_PWM_FROM_LDR_TABLE >> 8)
      000269 2F               [12]  836 	add	a,r7
      00026A F5 83            [12]  837 	mov	dph,a
      00026C E4               [12]  838 	clr	a
      00026D 93               [24]  839 	movc	a,@a+dptr
      00026E FE               [12]  840 	mov	r6,a
      00026F A3               [24]  841 	inc	dptr
      000270 E4               [12]  842 	clr	a
      000271 93               [24]  843 	movc	a,@a+dptr
      000272 FF               [12]  844 	mov	r7,a
      000273 8E 82            [24]  845 	mov	dpl,r6
      000275 8F 83            [24]  846 	mov	dph,r7
      000277 75 D0 00         [24]  847 	mov	psw,#0x00
      00027A 12r00r00         [24]  848 	lcall	___uint2fs
      00027D 75 D0 18         [24]  849 	mov	psw,#0x18
      000280 AC 82            [24]  850 	mov	r4,dpl
      000282 AD 83            [24]  851 	mov	r5,dph
      000284 AE F0            [24]  852 	mov	r6,b
      000286 FF               [12]  853 	mov	r7,a
      000287 E4               [12]  854 	clr	a
      000288 C0 E0            [24]  855 	push	acc
      00028A C0 E0            [24]  856 	push	acc
      00028C 74 C8            [12]  857 	mov	a,#0xc8
      00028E C0 E0            [24]  858 	push	acc
      000290 74 42            [12]  859 	mov	a,#0x42
      000292 C0 E0            [24]  860 	push	acc
      000294 8C 82            [24]  861 	mov	dpl,r4
      000296 8D 83            [24]  862 	mov	dph,r5
      000298 8E F0            [24]  863 	mov	b,r6
      00029A EF               [12]  864 	mov	a,r7
      00029B 75 D0 00         [24]  865 	mov	psw,#0x00
      00029E 12r00r00         [24]  866 	lcall	___fsdiv
      0002A1 75 D0 18         [24]  867 	mov	psw,#0x18
      0002A4 AC 82            [24]  868 	mov	r4,dpl
      0002A6 AD 83            [24]  869 	mov	r5,dph
      0002A8 AE F0            [24]  870 	mov	r6,b
      0002AA FF               [12]  871 	mov	r7,a
      0002AB E5 81            [12]  872 	mov	a,sp
      0002AD 24 FC            [12]  873 	add	a,#0xfc
      0002AF F5 81            [12]  874 	mov	sp,a
      0002B1 85*00 82         [24]  875 	mov	dpl,_display_counts
      0002B4 85*01 83         [24]  876 	mov	dph,(_display_counts + 1)
      0002B7 C0 1F            [24]  877 	push	ar7
      0002B9 C0 1E            [24]  878 	push	ar6
      0002BB C0 1D            [24]  879 	push	ar5
      0002BD C0 1C            [24]  880 	push	ar4
      0002BF 75 D0 00         [24]  881 	mov	psw,#0x00
      0002C2 12r00r00         [24]  882 	lcall	___uint2fs
      0002C5 75 D0 18         [24]  883 	mov	psw,#0x18
      0002C8 A8 82            [24]  884 	mov	r0,dpl
      0002CA A9 83            [24]  885 	mov	r1,dph
      0002CC AA F0            [24]  886 	mov	r2,b
      0002CE FB               [12]  887 	mov	r3,a
      0002CF E4               [12]  888 	clr	a
      0002D0 C0 E0            [24]  889 	push	acc
      0002D2 C0 E0            [24]  890 	push	acc
      0002D4 74 C8            [12]  891 	mov	a,#0xc8
      0002D6 C0 E0            [24]  892 	push	acc
      0002D8 74 42            [12]  893 	mov	a,#0x42
      0002DA C0 E0            [24]  894 	push	acc
      0002DC 88 82            [24]  895 	mov	dpl,r0
      0002DE 89 83            [24]  896 	mov	dph,r1
      0002E0 8A F0            [24]  897 	mov	b,r2
      0002E2 EB               [12]  898 	mov	a,r3
      0002E3 75 D0 00         [24]  899 	mov	psw,#0x00
      0002E6 12r00r00         [24]  900 	lcall	___fsdiv
      0002E9 75 D0 18         [24]  901 	mov	psw,#0x18
      0002EC A8 82            [24]  902 	mov	r0,dpl
      0002EE A9 83            [24]  903 	mov	r1,dph
      0002F0 AA F0            [24]  904 	mov	r2,b
      0002F2 FB               [12]  905 	mov	r3,a
      0002F3 E5 81            [12]  906 	mov	a,sp
      0002F5 24 FC            [12]  907 	add	a,#0xfc
      0002F7 F5 81            [12]  908 	mov	sp,a
      0002F9 C0 18            [24]  909 	push	ar0
      0002FB C0 19            [24]  910 	push	ar1
      0002FD C0 1A            [24]  911 	push	ar2
      0002FF C0 1B            [24]  912 	push	ar3
      000301 90 00 00         [24]  913 	mov	dptr,#0x0000
      000304 75 F0 C6         [24]  914 	mov	b,#0xc6
      000307 74 42            [12]  915 	mov	a,#0x42
      000309 75 D0 00         [24]  916 	mov	psw,#0x00
      00030C 12r00r00         [24]  917 	lcall	___fsmul
      00030F 75 D0 18         [24]  918 	mov	psw,#0x18
      000312 A8 82            [24]  919 	mov	r0,dpl
      000314 A9 83            [24]  920 	mov	r1,dph
      000316 AA F0            [24]  921 	mov	r2,b
      000318 FB               [12]  922 	mov	r3,a
      000319 E5 81            [12]  923 	mov	a,sp
      00031B 24 FC            [12]  924 	add	a,#0xfc
      00031D F5 81            [12]  925 	mov	sp,a
      00031F D0 1C            [24]  926 	pop	ar4
      000321 D0 1D            [24]  927 	pop	ar5
      000323 D0 1E            [24]  928 	pop	ar6
      000325 D0 1F            [24]  929 	pop	ar7
      000327 C0 18            [24]  930 	push	ar0
      000329 C0 19            [24]  931 	push	ar1
      00032B C0 1A            [24]  932 	push	ar2
      00032D C0 1B            [24]  933 	push	ar3
      00032F 8C 82            [24]  934 	mov	dpl,r4
      000331 8D 83            [24]  935 	mov	dph,r5
      000333 8E F0            [24]  936 	mov	b,r6
      000335 EF               [12]  937 	mov	a,r7
      000336 75 D0 00         [24]  938 	mov	psw,#0x00
      000339 12r00r00         [24]  939 	lcall	___fsadd
      00033C 75 D0 18         [24]  940 	mov	psw,#0x18
      00033F AC 82            [24]  941 	mov	r4,dpl
      000341 AD 83            [24]  942 	mov	r5,dph
      000343 AE F0            [24]  943 	mov	r6,b
      000345 FF               [12]  944 	mov	r7,a
      000346 E5 81            [12]  945 	mov	a,sp
      000348 24 FC            [12]  946 	add	a,#0xfc
      00034A F5 81            [12]  947 	mov	sp,a
      00034C 8C 82            [24]  948 	mov	dpl,r4
      00034E 8D 83            [24]  949 	mov	dph,r5
      000350 8E F0            [24]  950 	mov	b,r6
      000352 EF               [12]  951 	mov	a,r7
      000353 75 D0 00         [24]  952 	mov	psw,#0x00
      000356 12r00r00         [24]  953 	lcall	___fs2uint
      000359 75 D0 18         [24]  954 	mov	psw,#0x18
      00035C AE 82            [24]  955 	mov	r6,dpl
      00035E AF 83            [24]  956 	mov	r7,dph
                                    957 ;	src/adc.c:68: INT_IP_PPCA = 0; //Block PCA interrupt from stacking on top of ADC ISR
                                    958 ;	assignBit
      000360 C2 BF            [12]  959 	clr	_INT_IP_PPCA
                                    960 ;	src/adc.c:69: display_counts = display_counts_buffer;
      000362 8E*00            [24]  961 	mov	_display_counts,r6
      000364 8F*01            [24]  962 	mov	(_display_counts + 1),r7
                                    963 ;	src/adc.c:70: INT_IP_PPCA = 1; //Re-enable PCA interrupt high priority
                                    964 ;	assignBit
      000366 D2 BF            [12]  965 	setb	_INT_IP_PPCA
      000368                        966 00106$:
                                    967 ;	src/adc.c:73: }
      000368 D0 D0            [24]  968 	pop	psw
      00036A D0 00            [24]  969 	pop	(0+0)
      00036C D0 01            [24]  970 	pop	(0+1)
      00036E D0 02            [24]  971 	pop	(0+2)
      000370 D0 03            [24]  972 	pop	(0+3)
      000372 D0 04            [24]  973 	pop	(0+4)
      000374 D0 05            [24]  974 	pop	(0+5)
      000376 D0 06            [24]  975 	pop	(0+6)
      000378 D0 07            [24]  976 	pop	(0+7)
      00037A D0 83            [24]  977 	pop	dph
      00037C D0 82            [24]  978 	pop	dpl
      00037E D0 F0            [24]  979 	pop	b
      000380 D0 E0            [24]  980 	pop	acc
      000382 D0*00            [24]  981 	pop	bits
      000384 32               [24]  982 	reti
                                    983 	.area CSEG    (CODE)
                                    984 	.area CONST   (CODE)
                                    985 	.area XINIT   (CODE)
                                    986 	.area CABS    (ABS,CODE)
